[2026-06-01T01:40:34.564Z] => START [683fba04-763f-4dcd-9cbb-384049fc9580] GET /api/admin/users
[2026-06-01T01:40:34.573Z] <= END [683fba04-763f-4dcd-9cbb-384049fc9580] GET /api/admin/users | Status: 500 | 9ms
[2026-06-01T01:42:19.837Z] => START [7d989931-824e-4958-8e7c-8fabd1ee8976] GET /api/admin/users
[2026-06-01T01:42:19.848Z] <= END [7d989931-824e-4958-8e7c-8fabd1ee8976] GET /api/admin/users | Status: 500 | 12ms
[2026-06-01T01:42:54.715Z] => START [10b5c4b4-29e1-49c2-8260-3ae72e79c0ba] GET /api/admin/users
[2026-06-01T01:42:54.725Z] <= END [10b5c4b4-29e1-49c2-8260-3ae72e79c0ba] GET /api/admin/users | Status: 500 | 10ms
[2026-06-01T01:46:14.664Z] => START [bf6c1a83-f712-4a91-933f-9aa13a758696] GET /api/admin/users
[2026-06-01T01:46:14.820Z] <= END [bf6c1a83-f712-4a91-933f-9aa13a758696] GET / | Status: 200 | 156ms
[2026-06-01T01:48:22.125Z] => START [62810636-a69c-4e52-be17-ba97ee86c9a9] POST /api/admin/users
[2026-06-01T01:48:22.425Z] <= END [62810636-a69c-4e52-be17-ba97ee86c9a9] POST / | Status: 201 | 300ms
[2026-06-01T01:49:10.288Z] => START [4f206287-0c7d-4320-9265-463119283228] GET /api/admin/users
[2026-06-01T01:49:10.436Z] <= END [4f206287-0c7d-4320-9265-463119283228] GET / | Status: 200 | 148ms
[2026-06-01T01:49:28.914Z] => START [a397acfb-dbb8-4b49-849b-7731055757cf] GET /api/users/profile
[2026-06-01T01:49:28.992Z] <= END [a397acfb-dbb8-4b49-849b-7731055757cf] GET /profile | Status: 200 | 78ms
[2026-06-02T09:01:50.659Z] => START [b68fc34a-245e-4e92-a6a4-27cd3d1dde61] GET /api/admin/users
[2026-06-02T09:01:50.664Z] <= END [b68fc34a-245e-4e92-a6a4-27cd3d1dde61] GET /api/admin/users | Status: 401 | 5ms
[2026-06-02T09:01:56.061Z] => START [45b08c86-b0c8-4892-8fdb-5029a0c2df5b] POST /api/users/login
[2026-06-02T09:01:56.200Z] <= END [45b08c86-b0c8-4892-8fdb-5029a0c2df5b] POST /login | Status: 201 | 139ms
[2026-06-02T09:02:05.490Z] => START [d0a6d998-5193-45a1-a51b-44e592aed348] GET /api/admin/users
[2026-06-02T09:02:05.640Z] <= END [d0a6d998-5193-45a1-a51b-44e592aed348] GET / | Status: 200 | 150ms
[2026-06-02T09:02:19.860Z] => START [7f77d36b-53b6-4f53-88cd-bb5505621421] POST /api/admin/users/6a17322aa0bdf582544571cc
[2026-06-02T09:02:19.861Z] <= END [7f77d36b-53b6-4f53-88cd-bb5505621421] POST /api/admin/users/6a17322aa0bdf582544571cc | Status: 404 | 1ms
[2026-06-02T09:03:00.058Z] => START [192d9d04-d15e-4bee-8aca-e3822f51dec5] DELETE /api/admin/users/6a17322aa0bdf582544571cc
[2026-06-02T09:03:00.179Z] <= END [192d9d04-d15e-4bee-8aca-e3822f51dec5] DELETE /6a17322aa0bdf582544571cc | Status: 200 | 121ms
[2026-06-02T09:03:56.367Z] => START [f34de523-18d7-4322-b706-326def80cf91] GET /api/admin/users
[2026-06-02T09:03:56.513Z] <= END [f34de523-18d7-4322-b706-326def80cf91] GET / | Status: 200 | 146ms
[2026-06-02T09:04:02.928Z] => START [67c92a51-885e-4462-a985-bc5524b2e8ea] GET /api/admin/users
[2026-06-02T09:04:03.072Z] <= END [67c92a51-885e-4462-a985-bc5524b2e8ea] GET / | Status: 200 | 144ms
[2026-06-02T09:04:10.005Z] => START [4a2f8434-e70f-4fda-b0fc-bd357b0b2219] GET /api/admin/users
[2026-06-02T09:04:10.006Z] <= END [4a2f8434-e70f-4fda-b0fc-bd357b0b2219] GET /api/admin/users | Status: 401 | 1ms
[2026-06-02T09:04:18.184Z] => START [fb223590-2fa8-44ee-92b2-8af675743bbe] POST /api/users/login
[2026-06-02T09:04:18.312Z] <= END [fb223590-2fa8-44ee-92b2-8af675743bbe] POST /login | Status: 201 | 128ms
[2026-06-02T09:04:24.477Z] => START [b9351099-64c9-4a2a-9242-1c1e095a8e12] GET /api/admin/users
[2026-06-02T09:04:24.635Z] <= END [b9351099-64c9-4a2a-9242-1c1e095a8e12] GET / | Status: 200 | 158ms
[2026-06-02T09:04:52.658Z] => START [48204c0b-447b-417b-b4cb-944820770a73] DELETE /api/admin/users/6a17322aa0bdf582544571cc
[2026-06-02T09:04:52.735Z] <= END [48204c0b-447b-417b-b4cb-944820770a73] DELETE /6a17322aa0bdf582544571cc | Status: 200 | 77ms
[2026-06-02T09:04:57.542Z] => START [b82376c1-2bf6-4300-bcd2-0e8bd5256dd0] GET /api/admin/users
[2026-06-02T09:04:57.759Z] <= END [b82376c1-2bf6-4300-bcd2-0e8bd5256dd0] GET / | Status: 200 | 217ms
[2026-06-02T09:05:15.244Z] => START [e3a13355-6204-4bec-a707-20f486b61984] DELETE /api/admin/users/6a17322aa0bdf582544571cc
[2026-06-02T09:05:15.339Z] <= END [e3a13355-6204-4bec-a707-20f486b61984] DELETE /api/admin/users/6a17322aa0bdf582544571cc | Status: 500 | 95ms
[2026-06-02T09:05:31.228Z] => START [ed9486ed-f66c-4a8c-b407-470a7b14caf6] DELETE /api/admin/users/6a17322aa0bdf582544571cc
[2026-06-02T09:05:33.073Z] <= END [ed9486ed-f66c-4a8c-b407-470a7b14caf6] DELETE /api/admin/users/6a17322aa0bdf582544571cc | Status: 500 | 1845ms
[2026-06-02T09:05:37.808Z] => START [f10edede-4f73-406e-8bcb-8926945a8773] GET /api/admin/users
[2026-06-02T09:05:38.036Z] <= END [f10edede-4f73-406e-8bcb-8926945a8773] GET / | Status: 200 | 228ms
[2026-06-02T09:08:48.816Z] => START [c8fa4feb-b188-488f-884f-357b81a00907] DELETE /api/admin/users/6a17322aa0bdf582544571cc
[2026-06-02T09:08:48.993Z] <= END [c8fa4feb-b188-488f-884f-357b81a00907] DELETE /6a17322aa0bdf582544571cc | Status: 200 | 177ms
[2026-06-02T09:09:01.083Z] => START [828b3dce-2fed-4d0d-bc2f-14939781d4da] GET /api/admin/users
[2026-06-02T09:09:01.227Z] <= END [828b3dce-2fed-4d0d-bc2f-14939781d4da] GET / | Status: 200 | 144ms
[2026-06-02T09:09:20.691Z] => START [ae48cd25-06a5-4d46-880d-d32c8f822b4b] GET /api/admin/users
[2026-06-02T09:09:20.858Z] <= END [ae48cd25-06a5-4d46-880d-d32c8f822b4b] GET / | Status: 200 | 167ms
[2026-06-02T09:09:24.606Z] => START [3008ee38-9c8c-4d95-94c1-0ff7318d01c3] DELETE /api/admin/users/6a17322aa0bdf582544571cc
[2026-06-02T09:09:24.754Z] <= END [3008ee38-9c8c-4d95-94c1-0ff7318d01c3] DELETE /api/admin/users/6a17322aa0bdf582544571cc | Status: 404 | 148ms
[2026-06-02T09:22:27.844Z] => START [da62afae-6c8a-4b3c-8708-7674471b1aa5] GET /api/admin/products
[2026-06-02T09:23:31.708Z] => START [c57462de-5d6f-440a-b4a7-2a3c795b1004] GET /api/admin/products
[2026-06-02T09:24:41.303Z] => START [361fc7a8-d6e1-4e6f-bc7b-c7abeca31f6d] GET /api/admin/products
[2026-06-02T09:24:41.590Z] <= END [361fc7a8-d6e1-4e6f-bc7b-c7abeca31f6d] GET / | Status: 200 | 287ms
[2026-06-02T09:41:55.924Z] => START [ec93d2d2-3049-4c8e-a77f-67e36f4386ce] GET /api/admin/orders
[2026-06-02T09:41:56.092Z] <= END [ec93d2d2-3049-4c8e-a77f-67e36f4386ce] GET /api/admin/orders | Status: 500 | 168ms
[2026-06-02T09:43:13.450Z] => START [5c7f76c6-6ac1-442d-b8b1-079458dee66f] GET /api/admin/orders
[2026-06-02T09:43:13.693Z] <= END [5c7f76c6-6ac1-442d-b8b1-079458dee66f] GET / | Status: 200 | 243ms
[2026-06-02T10:12:08.540Z] => START [3330850a-9ccb-4be8-873e-23a8fa10917f] GET /api/admin/orders
[2026-06-02T10:12:09.648Z] <= END [3330850a-9ccb-4be8-873e-23a8fa10917f] GET / | Status: 200 | 1108ms
[2026-06-02T10:13:37.215Z] => START [a2a5adb6-3328-4d8b-9b95-519bab1fd18e] PATCH /api/admin/orders/6a1c4b64734cec5d7978b20a
[2026-06-02T10:14:39.560Z] => START [a25351c1-8339-4453-9a95-66fd2f0110f8] PATCH /api/admin/orders/6a1c4b64734cec5d7978b20a
[2026-06-02T10:14:41.499Z] <= END [a25351c1-8339-4453-9a95-66fd2f0110f8] PATCH /6a1c4b64734cec5d7978b20a | Status: 200 | 1939ms
[2026-06-02T10:23:06.901Z] => START [e2dca9f5-1b29-498f-9907-f1dc9d9a8eae] GET /api/admin/orders
[2026-06-02T10:23:10.497Z] <= END [e2dca9f5-1b29-498f-9907-f1dc9d9a8eae] GET / | Status: 200 | 3596ms
[2026-06-02T10:24:05.501Z] => START [84ec42ab-b982-4ba9-bfbd-0921a63df020] PATCH /api/admin/orders/6a1c4b64734cec5d7978b20a
[2026-06-02T10:24:06.144Z] <= END [84ec42ab-b982-4ba9-bfbd-0921a63df020] PATCH /6a1c4b64734cec5d7978b20a | Status: 200 | 643ms
[2026-06-02T10:25:09.715Z] => START [38759394-9ce4-4e78-bd92-ced10dc91caa] PATCH /api/admin/orders/6a1c4b64734cec5d7978b20a
[2026-06-02T10:25:11.105Z] <= END [38759394-9ce4-4e78-bd92-ced10dc91caa] PATCH /6a1c4b64734cec5d7978b20a | Status: 200 | 1390ms
[2026-06-02T10:25:21.156Z] => START [a8a65130-1851-4e6d-b57c-761c29fce1e7] PATCH /api/admin/orders/6a1c4b64734cec5d7978b20a
[2026-06-02T10:25:21.366Z] <= END [a8a65130-1851-4e6d-b57c-761c29fce1e7] PATCH /6a1c4b64734cec5d7978b20a | Status: 200 | 210ms
[2026-06-02T10:25:32.071Z] => START [9ee9a01c-4388-4ac2-8dd9-2b073c15b948] PATCH /api/admin/orders/6a1c4b64734cec5d7978b20a
[2026-06-02T10:25:32.841Z] <= END [9ee9a01c-4388-4ac2-8dd9-2b073c15b948] PATCH /6a1c4b64734cec5d7978b20a | Status: 200 | 770ms
[2026-06-02T10:41:45.989Z] => START [d7851d1d-9670-4b4c-89f6-af7e50228d29] DELETE /api/admin/orders/6a1c4b64734cec5d7978b20a
[2026-06-02T10:41:46.156Z] <= END [d7851d1d-9670-4b4c-89f6-af7e50228d29] DELETE /api/admin/orders/6a1c4b64734cec5d7978b20a | Status: 500 | 167ms
[2026-06-02T10:42:10.803Z] => START [c4625b3d-c2fb-493b-8577-80867b60602c] DELETE /api/admin/orders/6a1c4b64734cec5d7978b20a
[2026-06-02T10:42:11.025Z] <= END [c4625b3d-c2fb-493b-8577-80867b60602c] DELETE /api/admin/orders/6a1c4b64734cec5d7978b20a | Status: 404 | 222ms
[2026-06-02T10:42:31.830Z] => START [0fe4ffcf-730b-441d-8fcf-58d999d172cd] DELETE /api/admin/orders/6a1c4b64734cec5d7978b20a
[2026-06-02T10:42:31.836Z] <= END [0fe4ffcf-730b-441d-8fcf-58d999d172cd] DELETE /api/admin/orders/6a1c4b64734cec5d7978b20a | Status: 401 | 6ms
[2026-06-02T10:42:37.974Z] => START [946a0226-30ae-4b9b-bf8c-7add358d4c5e] POST /api/users/login
[2026-06-02T10:42:38.116Z] <= END [946a0226-30ae-4b9b-bf8c-7add358d4c5e] POST /login | Status: 201 | 142ms
[2026-06-02T10:43:38.554Z] => START [f8503a36-40a7-41f9-9587-78cfd295c532] DELETE /api/admin/orders/6a1c4b64734cec5d7978b20a
[2026-06-02T10:43:38.701Z] <= END [f8503a36-40a7-41f9-9587-78cfd295c532] DELETE /api/admin/orders/6a1c4b64734cec5d7978b20a | Status: 404 | 147ms
[2026-06-02T10:43:44.029Z] => START [e9b4dc93-1b59-48b2-94c5-54f6cc38229f] GET /api/admin/orders
[2026-06-02T10:43:44.169Z] <= END [e9b4dc93-1b59-48b2-94c5-54f6cc38229f] GET /api/admin/orders | Status: 404 | 140ms
